// Jest Snapshot v1, https://goo.gl/fbAQLP

exports[`expect Login page rendering 1`] = `
<main
  role="main"
>
  <div
    className="container"
  >
    <div
      className="row"
    >
      <div
        className="maincontent side-innhold"
      >
        <div
          className="col-md-12"
          id="dittnav-main-container"
        >
          <section
            className="infomeldinger-list"
          >
            <h1
              className="skjermleser"
            >
              <span>
                Varsler
              </span>
            </h1>
          </section>
          <div
            className="korona-spesial"
          >
            <a
              className="lenkepanel korona-varsel blaa-bakgrunn lenkepanel--border"
              href="http://localhost:9222/no/nav-og-samfunn/om-nav/saksbehandlingstider-i-nav"
              onClick={[Function]}
            >
              <div
                className="korona-varsel__tekst-kol"
              >
                <h2
                  className="typo-undertittel lenkepanel__heading"
                >
                  Lengre saksbehandlingstider
                </h2>
                <div
                  className="korona-varsel__ingress"
                >
                  <p
                    className="typo-normal"
                  >
                    <span>
                      Koronasituasjonen gjør at det tar lengre tid å behandle søknader. Les om endringene.
                    </span>
                  </p>
                </div>
              </div>
              <span
                className="lenkepanel__indikator"
              />
            </a>
            <a
              className="lenkepanel korona-varsel lenkepanel--border"
              href="http://localhost:9222/person/koronaveiviser"
              onClick={[Function]}
            >
              <div
                className="korona-varsel__tekst-kol"
              >
                <h2
                  className="typo-undertittel lenkepanel__heading"
                >
                  Koronavirus – hva gjelder i min situasjon?
                </h2>
                <div
                  className="korona-varsel__ingress"
                >
                  <p
                    className="typo-normal"
                  >
                    <span>
                      Se informasjon om rettighetene dine.
                    </span>
                  </p>
                </div>
              </div>
              <span
                className="lenkepanel__indikator"
              />
            </a>
          </div>
          <div
            className="dittnav-lenkepanel-top-container"
          >
            <div
              className="dittnav-lenkepanel-liten"
              id={null}
            >
              <a
                alt="Dine saker"
                className="lenkepanel dittnav-lenkepanel-liten-item lenkepanel--border"
                href="http://localhost:9222/saksoversikt"
                onClick={[Function]}
              >
                <span
                  className="typo-undertittel lenkepanel__heading"
                >
                  <span>
                    Dine saker
                  </span>
                </span>
                <span
                  className="lenkepanel__indikator"
                />
              </a>
              <a
                alt="Utbetalinger"
                className="lenkepanel dittnav-lenkepanel-liten-item lenkepanel--border"
                href="http://localhost:9222/utbetalingsoversikt"
                onClick={[Function]}
              >
                <span
                  className="typo-undertittel lenkepanel__heading"
                >
                  <span>
                    Dine utbetalinger
                  </span>
                </span>
                <span
                  className="lenkepanel__indikator"
                />
              </a>
              <a
                alt="Innboks"
                className="lenkepanel dittnav-lenkepanel-liten-item last lenkepanel--border"
                href="http://localhost:9222/mininnboks"
                onClick={[Function]}
              >
                <span
                  className="typo-undertittel lenkepanel__heading"
                >
                  <span>
                    Innboks
                  </span>
                </span>
                <span
                  className="lenkepanel__indikator"
                />
              </a>
            </div>
          </div>
          <h2
            className="typo-undertittel flere-tjenester__subheader"
          >
            <span>
              Flere tjenester
            </span>
          </h2>
          <div
            className="flere-tjenester"
          >
            <nav
              className="flere-tjenester__links"
            >
              <div
                className="flere-tjenester__link-container"
              >
                <p
                  className="typo-normal"
                >
                  <a
                    className="lenke flere-tjenester__link"
                    data-ga="Dittnav/Lenkeliste"
                    href="https://arbeidsplassen.nav.no/stillinger"
                    onClick={[Function]}
                  >
                    Ledige stillinger
                  </a>
                </p>
              </div>
              <div
                className="flere-tjenester__link-container"
              >
                <p
                  className="typo-normal"
                >
                  <a
                    className="lenke flere-tjenester__link"
                    data-ga="Dittnav/Lenkeliste"
                    href="http://localhost:9222/pselv/publisering/uforetrygd.jsf?context=ut"
                    onClick={[Function]}
                  >
                    Uføretrygd
                  </a>
                </p>
              </div>
              <div
                className="flere-tjenester__link-container"
              >
                <p
                  className="typo-normal"
                >
                  <a
                    className="lenke flere-tjenester__link"
                    data-ga="Dittnav/Lenkeliste"
                    href="https://foreldrepenger.nav.no"
                    onClick={[Function]}
                  >
                    Dine foreldrepenger
                  </a>
                </p>
              </div>
              <div
                className="flere-tjenester__link-container"
              >
                <p
                  className="typo-normal"
                >
                  <a
                    className="lenke flere-tjenester__link"
                    data-ga="Dittnav/Lenkeliste"
                    href="http://localhost:9222/aktivitetsplan"
                    onClick={[Function]}
                  >
                    Aktivitetsplan
                  </a>
                </p>
              </div>
              <div
                className="flere-tjenester__link-container"
              >
                <p
                  className="typo-normal"
                >
                  <a
                    className="lenke flere-tjenester__link"
                    data-ga="Dittnav/Lenkeliste"
                    href="http://localhost:9222/meldekort/om-meldekort"
                    onClick={[Function]}
                  >
                    Meldekort
                  </a>
                </p>
              </div>
              <div
                className="flere-tjenester__link-container"
              >
                <p
                  className="typo-normal"
                >
                  <a
                    className="lenke flere-tjenester__link"
                    data-ga="Dittnav/Lenkeliste"
                    href="http://localhost:9222/veiledearbeidssoker/mistet-jobben/registrering"
                    onClick={[Function]}
                  >
                    Registrer deg som arbeidssøker
                  </a>
                </p>
              </div>
              <div
                className="flere-tjenester__link-container"
              >
                <p
                  className="typo-normal"
                >
                  <a
                    className="lenke flere-tjenester__link"
                    data-ga="Dittnav/Lenkeliste"
                    href="https://stillingsok.nav.no/pam-stillingsok/lagrede-sok"
                    onClick={[Function]}
                  >
                    Dine stillingssøk
                  </a>
                </p>
              </div>
              <div
                className="flere-tjenester__link-container"
              >
                <p
                  className="typo-normal"
                >
                  <a
                    className="lenke flere-tjenester__link"
                    data-ga="Dittnav/Lenkeliste"
                    href="http://localhost:9222/person/personopplysninger"
                    onClick={[Function]}
                  >
                    Personopplysninger
                  </a>
                </p>
              </div>
              <div
                className="flere-tjenester__link-container"
              >
                <p
                  className="typo-normal"
                >
                  <a
                    className="lenke flere-tjenester__link"
                    data-ga="Dittnav/Lenkeliste"
                    href="http://localhost:9222/person/pdl-fullmakt-ui"
                    onClick={[Function]}
                  >
                    Dine fullmakter
                  </a>
                </p>
              </div>
            </nav>
          </div>
        </div>
      </div>
    </div>
  </div>
</main>
`;

exports[`expect MeldekortInfo fetching 1`] = `
<RenderHome
  api={
    Object {
      "fetchBeskjeder": [Function],
      "fetchHendelser": [Function],
      "fetchInaktiveBeskjeder": [Function],
      "fetchInaktiveInnbokser": [Function],
      "fetchInaktiveOppgaver": [Function],
      "fetchInnbokser": [Function],
      "fetchInnlogging": [Function],
      "fetchMeldekort": [Function],
      "fetchMeldinger": [Function],
      "fetchOppfolging": [Function],
      "fetchOppgaver": [Function],
      "fetchPersonIdent": [Function],
      "fetchPersonNavn": [Function],
      "fetchSaker": [Function],
      "fetchSakstema": [Function],
    }
  }
/>
`;

exports[`expect Oppfolging fetching 1`] = `
<RenderHome
  api={
    Object {
      "fetchBeskjeder": [Function],
      "fetchHendelser": [Function],
      "fetchInaktiveBeskjeder": [Function],
      "fetchInaktiveInnbokser": [Function],
      "fetchInaktiveOppgaver": [Function],
      "fetchInnbokser": [Function],
      "fetchInnlogging": [Function],
      "fetchMeldekort": [Function],
      "fetchMeldinger": [Function],
      "fetchOppfolging": [Function],
      "fetchOppgaver": [Function],
      "fetchPersonIdent": [Function],
      "fetchPersonNavn": [Function],
      "fetchSaker": [Function],
      "fetchSakstema": [Function],
    }
  }
/>
`;

exports[`expect PaabegynteSoknader fetching 1`] = `
<RenderHome
  api={
    Object {
      "fetchBeskjeder": [Function],
      "fetchHendelser": [Function],
      "fetchInaktiveBeskjeder": [Function],
      "fetchInaktiveInnbokser": [Function],
      "fetchInaktiveOppgaver": [Function],
      "fetchInnbokser": [Function],
      "fetchInnlogging": [Function],
      "fetchMeldekort": [Function],
      "fetchMeldinger": [Function],
      "fetchOppfolging": [Function],
      "fetchOppgaver": [Function],
      "fetchPersonIdent": [Function],
      "fetchPersonNavn": [Function],
      "fetchSaker": [Function],
      "fetchSakstema": [Function],
    }
  }
/>
`;

exports[`expect Personalia ident fetching 1`] = `
<RenderHome
  api={
    Object {
      "fetchBeskjeder": [Function],
      "fetchHendelser": [Function],
      "fetchInaktiveBeskjeder": [Function],
      "fetchInaktiveInnbokser": [Function],
      "fetchInaktiveOppgaver": [Function],
      "fetchInnbokser": [Function],
      "fetchInnlogging": [Function],
      "fetchMeldekort": [Function],
      "fetchMeldinger": [Function],
      "fetchOppfolging": [Function],
      "fetchOppgaver": [Function],
      "fetchPersonIdent": [Function],
      "fetchPersonNavn": [Function],
      "fetchSaker": [Function],
      "fetchSakstema": [Function],
    }
  }
/>
`;

exports[`expect Personalia navn fetching 1`] = `
<RenderHome
  api={
    Object {
      "fetchBeskjeder": [Function],
      "fetchHendelser": [Function],
      "fetchInaktiveBeskjeder": [Function],
      "fetchInaktiveInnbokser": [Function],
      "fetchInaktiveOppgaver": [Function],
      "fetchInnbokser": [Function],
      "fetchInnlogging": [Function],
      "fetchMeldekort": [Function],
      "fetchMeldinger": [Function],
      "fetchOppfolging": [Function],
      "fetchOppgaver": [Function],
      "fetchPersonIdent": [Function],
      "fetchPersonNavn": [Function],
      "fetchSaker": [Function],
      "fetchSakstema": [Function],
    }
  }
/>
`;
