// Jest Snapshot v1, https://goo.gl/fbAQLP

exports[`expect Brukernotifikasjoner fetching 1`] = `
<MemoryRouter
  initialEntries={
    Array [
      "/person/dittnav/varslinger",
    ]
  }
>
  <BeskjedStoreProvider
    beskjeder={null}
    inaktiveBeskjeder={null}
  >
    <RenderVarslinger
      api={
        Object {
          "fetchBeskjeder": [Function],
          "fetchInaktiveBeskjeder": [Function],
          "fetchInaktiveInnbokser": [Function],
          "fetchInaktiveOppgaver": [Function],
          "fetchInnbokser": [Function],
          "fetchInnlogging": [Function],
          "fetchInnloggingsstatus": [Function],
          "fetchOppgaver": [Function],
        }
      }
    />
  </BeskjedStoreProvider>
</MemoryRouter>
`;
