// Jest Snapshot v1, https://goo.gl/fbAQLP

exports[`Beskjed with empty link 1`] = `null`;

exports[`Beskjed with link 1`] = `null`;

exports[`Beskjed with null as link 1`] = `null`;

exports[`Beskjed with sikkerhetsnivaa 3 and innloggingsnivaa 3 1`] = `null`;

exports[`Beskjed with sikkerhetsnivaa 3 and innloggingsnivaa 4 1`] = `null`;

exports[`Beskjed with sikkerhetsnivaa 4 and innloggingsnivaa 3 1`] = `null`;

exports[`Beskjed with sikkerhetsnivaa 4 and innloggingsnivaa 4 1`] = `null`;
