// Jest Snapshot v1, https://goo.gl/fbAQLP

exports[`expect MeldekortInfo fetching 1`] = `
<App
  api={
    Object {
      "fetchMeldekort": [Function],
      "fetchMeldinger": [Function],
      "fetchOppfolging": [Function],
      "fetchSaker": [Function],
      "fetchSakstema": [Function],
      "fetchTps": [Function],
    }
  }
/>
`;

exports[`expect Oppfolging fetching 1`] = `
<App
  api={
    Object {
      "fetchMeldekort": [Function],
      "fetchMeldinger": [Function],
      "fetchOppfolging": [Function],
      "fetchSaker": [Function],
      "fetchSakstema": [Function],
      "fetchTps": [Function],
    }
  }
/>
`;

exports[`expect Tps fetching 1`] = `
<App
  api={
    Object {
      "fetchMeldekort": [Function],
      "fetchMeldinger": [Function],
      "fetchOppfolging": [Function],
      "fetchSaker": [Function],
      "fetchSakstema": [Function],
      "fetchTps": [Function],
    }
  }
/>
`;
