// Jest Snapshot v1, https://goo.gl/fbAQLP

exports[`expect Login page rendering 1`] = `
<main
  role="main"
>
  <div
    className="container"
  >
    <div
      className="row"
    >
      <div
        className="maincontent side-innhold"
      >
        <div
          className="col-md-12"
        >
          <section
            className="infomeldinger-list"
          >
            <h1
              className="vekk"
            >
              <span>
                Varsler
              </span>
            </h1>
          </section>
          <section
            className="ditt-list"
          />
        </div>
      </div>
    </div>
    ;
  </div>
</main>
`;

exports[`expect PersonInfo fetching 1`] = `
<App
  api={
    Object {
      "fetchMeldinger": [Function],
      "fetchPersonInfoAndServices": [Function],
      "fetchSaker": [Function],
    }
  }
/>
`;
