// Jest Snapshot v1, https://goo.gl/fbAQLP

exports[`expect Login page rendering 1`] = `
<main
  role="main"
>
  <div
    className="container maincontent side-innhold"
  >
    <div
      className="row"
    >
      <h1
        className="typo-sidetittel"
      >
        Alternativ pålogging
      </h1>
      <div
        className="col-md-12 col-sm-12"
      >
        <div
          className="primary col-md-8 col-md-offset-2 sentrert alternativ-paalogging"
        >
          <div
            className="element hodefot"
          >
            <h3
              className="decorated"
            >
              <span>
                Brukernavn og passord fra NAV
              </span>
            </h3>
            <p>
              <span>
                Pålogging med brukernavn og passord gir deg bare tilgang til selvbetjening for arbeidssøkere.
              </span>
            </p>
            <a
              className="knapp-hoved knapp-liten"
              href="/sbl/arbeid/innlogging"
            >
              <span>
                Velg
              </span>
            </a>
          </div>
          <hr />
          <div
            className="element hodefot"
          >
            <h3
              className="decorated"
            >
              <span>
                Endagspassord til din pensjon
              </span>
            </h3>
            <p>
              <span>
                Pålogging med endagspassord gir deg tilgang til de fleste funksjonene i Din pensjon.
              </span>
            </p>
            <a
              className="knapp-hoved knapp-liten"
              href="/pselv/tilleggsfunksjonalitet/innlogging.jsf"
            >
              <span>
                Velg
              </span>
            </a>
          </div>
          <hr />
          <div
            className="element hodefot"
          >
            <h3
              className="decorated"
            >
              <span>
                Endagspassord til uføretrygd
              </span>
            </h3>
            <p>
              <span>
                Pålogging med endagspassord gir deg tilgang til de fleste funksjonene i selvbetjeningsløsningen Uføretrygd.
              </span>
            </p>
            <a
              className="knapp-hoved knapp-liten"
              href="/pselv/tilleggsfunksjonalitet/innlogging.jsf?context=ut"
            >
              <span>
                Velg
              </span>
            </a>
          </div>
          <hr />
          <div
            className="element hodefot"
          >
            <h3
              className="decorated"
            >
              <span>
                Arbeidsgiver
              </span>
            </h3>
            <p>
              <span>
                NAV har mange selvbetjente tjenester for deg som er arbeidsgiver. Gå til arbeidsgiversiden og se hva vi kan tilby.
              </span>
            </p>
            <a
              className="knapp-hoved knapp-liten"
              href="https://www.nav.no/no/Bedrift/Tjenester+og+skjemaer/NAV-+og+Altinn-tjenester"
            >
              <span>
                Velg
              </span>
            </a>
          </div>
          <hr />
          <div
            className="element hodefot"
          >
            <h3
              className="decorated"
            >
              <span>
                Om alternativ pålogging
              </span>
            </h3>
            <p>
              <span>
                Med alternativ pålogging får du kun tilgang til enkelte av NAVs selvbetjeningsløsninger. Vi oppfordrer derfor våre brukere til å logge inn med ID-porten.
              </span>
            </p>
            <a
              className="lenke"
              href="/dittnav/innlogget"
            >
              <span>
                Logg inn med ID-porten
              </span>
            </a>
          </div>
          <hr />
        </div>
      </div>
    </div>
  </div>
</main>
`;

exports[`expect PersonInfo fetching 1`] = `
<main
  role="main"
>
  <div
    className="container maincontent side-innhold"
  >
    <div
      className="row"
    >
      <div
        className="maincontent side-innhold"
      >
        <div
          className="col-md-12"
        >
          <div
            className="person-info"
          >
            <h1
              className="person-info"
            >
              Ola Ytelssen
            </h1>
            <p
              className="arbeidssokerstatus"
            >
              <span>
                Du er ennå ikke ferdig med å registrere deg som arbeidssøker på nav.no. Jo raskere du registrerer deg, desto raskere kan NAV hjelpe deg.
              </span>
              <span>
                 
              </span>
            </p>
          </div>
          <section
            className="infomeldinger-list"
          >
            <h1
              className="vekk"
            >
              <span>
                Varsler
              </span>
            </h1>
            <a
              className="clickable message"
              data-ga="Dittnav/Varsel/Registrering"
              href="https://nav.no/sbl/nav_security_check"
            >
              <span
                aria-label="sjekkliste-ikon"
                className="icon registration-icon"
              />
              <div
                className="texts"
              >
                <p>
                  <span>
                    Du har startet på en registrering som arbeidssøker.
                  </span>
                </p>
                <p>
                  <span>
                    Fullfør registrering
                  </span>
                </p>
              </div>
            </a>
          </section>
          <section
            className="ditt-list"
          />
          <section
            className="ditt-list"
          />
        </div>
      </div>
    </div>
  </div>
</main>
`;

exports[`expect Postkasse page rendering 1`] = `
<main
  role="main"
>
  <div
    className="container maincontent side-innhold"
  >
    <div>
      <h1
        className="typo-sidetittel text-center"
      >
        Din dialog med NAV
      </h1>
      <section
        className="ditt-list"
      />
      <section
        className="text-center"
      >
        <a
          className="lenke"
          href="/dittnav"
          onClick={[Function]}
        >
          Til Ditt NAV
        </a>
      </section>
    </div>
  </div>
</main>
`;
