// Jest Snapshot v1, https://goo.gl/fbAQLP

exports[`index renders without crashing 1`] = `
<main
  role="main"
>
  <div
    className="container"
  >
    <div
      className="Hendelser"
    >
      <h1
        className="typo-innholdstittel"
      >
        <span>
          Opprettelse og visning av hendelser
        </span>
      </h1>
      <form
        onSubmit={[Function]}
      >
        <div
          className="skjemaelement"
        >
          <label
            className="skjemaelement__label"
            htmlFor="655514698-2985-3988-10168-068790813904"
          >
            Skriv inn ny tekst:
          </label>
          <input
            className="skjemaelement__input input--fullbredde"
            id="655514698-2985-3988-10168-068790813904"
            onChange={[Function]}
            type="text"
            value=""
          />
          <div
            aria-live="assertive"
            role="alert"
          />
        </div>
        <div
          className="Knapper"
        >
          <button
            className="knapp knapp--standard"
            disabled={false}
            type="submit"
          >
            <span>
              Send hendelse
            </span>
          </button>
          <button
            className="knapp knapp--standard"
            disabled={false}
            onClick={[Function]}
            type="button"
          >
            <span>
              Hent hendelser
            </span>
          </button>
        </div>
      </form>
      <div
        className="InformasjonHendelser"
      />
    </div>
    <div
      className="row"
    >
      <div
        className="maincontent side-innhold"
      >
        <div
          className="col-md-12"
          id="dittnav-main-container"
        >
          <section
            className="infomeldinger-list"
          >
            <h1
              className="vekk"
            >
              <span>
                Varsler
              </span>
            </h1>
          </section>
          <div
            className="dittnav-lenke-container blokk-xl"
          >
            <a
              className="lenkepanel first lenkepanel--border"
              href="http://localhost:9222/utbetalingsoversikt/"
            >
              <span
                className="typo-undertittel lenkepanel__heading"
              >
                <span>
                  Dine utbetalinger
                </span>
              </span>
              <span
                className="lenkepanel__indikator"
              />
            </a>
            <a
              className="lenkepanel lenkepanel--border"
              href="http://localhost:9222/saksoversikt/"
            >
              <span
                className="typo-undertittel lenkepanel__heading"
              >
                <span>
                  Dine saker
                </span>
              </span>
              <span
                className="lenkepanel__indikator"
              />
            </a>
            <a
              className="lenkepanel last lenkepanel--border"
              href="http://localhost:9222/mininnboks/"
            >
              <span
                className="typo-undertittel lenkepanel__heading"
              >
                <span>
                  Innboks
                </span>
              </span>
              <span
                className="lenkepanel__indikator"
              />
            </a>
          </div>
          <h2
            className="typo-undertittel relatert-informasjon__subheader"
          >
            <span>
              Relatert informasjon
            </span>
          </h2>
          <div
            className="relatert-informasjon"
          >
            <nav
              className="relatert-informasjon__links"
            >
              <div
                className="relatert-informasjon__link-container"
              >
                <a
                  className="lenke relatert-informasjon__link"
                  data-ga="Dittnav/Lenkeliste"
                  href="https://arbeidsplassen.nav.no/stillinger"
                >
                  Ledige stillinger
                </a>
              </div>
              <div
                className="relatert-informasjon__link-container"
              >
                <a
                  className="lenke relatert-informasjon__link"
                  data-ga="Dittnav/Lenkeliste"
                  href="http://localhost:9222/pselv/publisering/uforetrygd.jsf?context=ut"
                >
                  Uføretrygd
                </a>
              </div>
              <div
                className="relatert-informasjon__link-container"
              >
                <a
                  className="lenke relatert-informasjon__link"
                  data-ga="Dittnav/Lenkeliste"
                  href="https://foreldrepenger.nav.no"
                >
                  Dine foreldrepenger
                </a>
              </div>
              <div
                className="relatert-informasjon__link-container"
              >
                <a
                  className="lenke relatert-informasjon__link"
                  data-ga="Dittnav/Lenkeliste"
                  href="http://localhost:9222/aktivitetsplan/"
                >
                  Aktivitetsplan
                </a>
              </div>
              <div
                className="relatert-informasjon__link-container"
              >
                <a
                  className="lenke relatert-informasjon__link"
                  data-ga="Dittnav/Lenkeliste"
                  href="http://localhost:9222/brukerprofil/"
                >
                  Din profil
                </a>
              </div>
              <div
                className="relatert-informasjon__link-container"
              >
                <a
                  className="lenke relatert-informasjon__link"
                  data-ga="Dittnav/Lenkeliste"
                  href="http://localhost:9222/veiledearbeidssoker/mistet-jobben/registrering"
                >
                  Registrer deg som arbeidssøker
                </a>
              </div>
              <div
                className="relatert-informasjon__link-container"
              >
                <a
                  className="lenke relatert-informasjon__link"
                  data-ga="Dittnav/Lenkeliste"
                  href="https://stillingsok.nav.no/pam-stillingsok/lagrede-sok"
                >
                  Dine stillingssøk
                </a>
              </div>
              <div
                className="relatert-informasjon__link-container"
              >
                <a
                  className="lenke relatert-informasjon__link"
                  data-ga="Dittnav/Lenkeliste"
                  href="http://localhost:9222/person/personopplysninger"
                >
                  Personopplysninger
                </a>
              </div>
            </nav>
          </div>
        </div>
      </div>
    </div>
  </div>
</main>
`;
