// Jest Snapshot v1, https://goo.gl/fbAQLP

exports[`Snapshot test med saker 1`] = `
<div
  className="dittnav-lenkepanel-top-container"
>
  <div
    className="dittnav-lenkepanel-liten"
    id={null}
  >
    <a
      alt="Dine saker"
      className="lenkepanel dittnav-lenkepanel-liten-item lenkepanel--border"
      href="http://localhost:9222/saksoversikt/"
    >
      <span
        className="typo-undertittel lenkepanel__heading"
      >
        <h2
          className="typo-undertittel"
        >
          <span>
            Dine saker
          </span>
        </h2>
      </span>
      <span
        className="lenkepanel__indikator"
      />
    </a>
    <a
      alt="Utbetalinger"
      className="lenkepanel dittnav-lenkepanel-liten-item lenkepanel--border"
      href="http://localhost:9222/utbetalingsoversikt/"
    >
      <span
        className="typo-undertittel lenkepanel__heading"
      >
        <h2
          className="typo-undertittel"
        >
          <span>
            Dine utbetalinger
          </span>
        </h2>
      </span>
      <span
        className="lenkepanel__indikator"
      />
    </a>
    <a
      alt="Innboks"
      className="lenkepanel dittnav-lenkepanel-liten-item last lenkepanel--border"
      href="http://localhost:9222/mininnboks/"
    >
      <span
        className="typo-undertittel lenkepanel__heading"
      >
        <h2
          className="typo-undertittel"
        >
          <span>
            Innboks
          </span>
        </h2>
      </span>
      <span
        className="lenkepanel__indikator"
      />
    </a>
  </div>
</div>
`;

exports[`Snapshot test uten saker 1`] = `
<div
  className="dittnav-lenkepanel-top-container"
>
  <div
    className="dittnav-lenkepanel-liten"
    id={null}
  >
    <a
      alt="Dine saker"
      className="lenkepanel dittnav-lenkepanel-liten-item lenkepanel--border"
      href="http://localhost:9222/saksoversikt/"
    >
      <span
        className="typo-undertittel lenkepanel__heading"
      >
        <h2
          className="typo-undertittel"
        >
          <span>
            Dine saker
          </span>
        </h2>
      </span>
      <span
        className="lenkepanel__indikator"
      />
    </a>
    <a
      alt="Utbetalinger"
      className="lenkepanel dittnav-lenkepanel-liten-item lenkepanel--border"
      href="http://localhost:9222/utbetalingsoversikt/"
    >
      <span
        className="typo-undertittel lenkepanel__heading"
      >
        <h2
          className="typo-undertittel"
        >
          <span>
            Dine utbetalinger
          </span>
        </h2>
      </span>
      <span
        className="lenkepanel__indikator"
      />
    </a>
    <a
      alt="Innboks"
      className="lenkepanel dittnav-lenkepanel-liten-item last lenkepanel--border"
      href="http://localhost:9222/mininnboks/"
    >
      <span
        className="typo-undertittel lenkepanel__heading"
      >
        <h2
          className="typo-undertittel"
        >
          <span>
            Innboks
          </span>
        </h2>
      </span>
      <span
        className="lenkepanel__indikator"
      />
    </a>
  </div>
</div>
`;
