// Jest Snapshot v1, https://goo.gl/fbAQLP

exports[`render empty FeilMeldinger 1`] = `null`;

exports[`render one error FeilMeldinger 1`] = `
<section
  className="service-notification"
>
  <h1
    className="typo-element"
  >
    <span>
      <span>
        Error fetchin data
      </span>
    </span>
  </h1>
</section>
`;
