// Jest Snapshot v1, https://goo.gl/fbAQLP

exports[`render InfoMeldinger with empty infoMessages 1`] = `
<section
  className="infomeldinger-list"
>
  <h1
    className="vekk"
  >
    Varsler
  </h1>
</section>
`;

exports[`render empty InfoMeldinger component 1`] = `
<section
  className="infomeldinger-list"
>
  <h1
    className="vekk"
  >
    Varsler
  </h1>
</section>
`;
