// Jest Snapshot v1, https://goo.gl/fbAQLP

exports[`basic green Lenkelister test 1`] = `
<div
  className="flere-tjenester"
>
  <nav
    className="flere-tjenester__links"
  />
</div>
`;

exports[`render Lenkelister without links 1`] = `
<div
  className="flere-tjenester"
>
  <nav
    className="flere-tjenester__links"
  />
</div>
`;

exports[`render a couple of links 1`] = `
<div
  className="flere-tjenester"
>
  <nav
    className="flere-tjenester__links"
  >
    <div
      className="flere-tjenester__link-container"
    >
      <p
        className="typo-normal"
      >
        <a
          className="lenke flere-tjenester__link"
          data-ga="Dittnav/Lenkeliste"
          href="/mininnboks"
          onClick={[Function]}
        >
          Min innboks
        </a>
      </p>
    </div>
    <div
      className="flere-tjenester__link-container"
    >
      <p
        className="typo-normal"
      >
        <a
          className="lenke flere-tjenester__link"
          data-ga="Dittnav/Lenkeliste"
          href="/saksoversikt"
          onClick={[Function]}
        >
          Innsyn og oversikt
        </a>
      </p>
    </div>
  </nav>
</div>
`;
