// Jest Snapshot v1, https://goo.gl/fbAQLP

exports[`basic green component test 1`] = `
<section
  className="ditt-list"
/>
`;

exports[`render a couple of links 1`] = `
<section
  className="ditt-list"
>
  <a
    className="lenke ditt-list-element"
    data-ga="Dittnav/Lenkeliste"
    href="/mininnboks"
  >
    Min innboks
  </a>
  <a
    className="lenke ditt-list-element"
    data-ga="Dittnav/Lenkeliste"
    href="/saksoversikt"
  >
    Innsyn og oversikt
  </a>
</section>
`;
