// Jest Snapshot v1, https://goo.gl/fbAQLP

exports[`LoginLink renders 1`] = `
<div
  className="element hodefot"
>
  <h3
    className="decorated"
  >
    <span>
      Brukernavn og passord fra NAV
    </span>
  </h3>
  <p>
    <span>
      Pålogging med brukernavn og passord gir deg bare tilgang til selvbetjening for arbeidssøkere.
    </span>
  </p>
  <a
    className="customStyle"
    href="url"
  >
    <span>
      Velg
    </span>
  </a>
</div>
`;
