// Jest Snapshot v1, https://goo.gl/fbAQLP

exports[`basic green Tjenester snaphot-test 1`] = `
<section
  className="ditt-list"
/>
`;

exports[`render Tjenester without services 1`] = `
<section
  className="ditt-list"
/>
`;

exports[`render a couple of services 1`] = `
<section
  className="ditt-list"
>
  <a
    className="lenke tjeneste-boks ditt-list-element ditt-nav-din-pensjon"
    data-ga="Dittnav/Lenkeboks"
    href="https://nav.no/"
  >
    <h2
      className="underline"
    >
      Din Pensjon
    </h2>
    <p>
      Short desc
    </p>
  </a>
  <a
    className="lenke tjeneste-boks ditt-list-element ditt-nav-registrer-arbeidssoker"
    data-ga="Dittnav/Lenkeboks"
    href="https://nav.no/abc"
  >
    <h2
      className="underline"
    >
      Meldekort
    </h2>
    <p>
      Mock desc
    </p>
  </a>
</section>
`;
